\BOOKMARK [1][-]{Doc-Start}{\376\377\000P\000r\000o\000l\000o\000g\000u\000e}{}% 1
\BOOKMARK [1][-]{section.1}{\376\377\000P\000a\000r\000t\000\040\000I\000:\000\040\000T\000h\000e\000\040\000H\000y\000p\000o\000t\000h\000e\000s\000i\000s\000\040\040\024\000\040\000T\000-\000R\000e\000v\000e\000r\000s\000e\000d\000\040\000M\000a\000t\000t\000e\000r}{}% 2
\BOOKMARK [2][-]{subsection.1.1}{\376\377\000H\000o\000w\000\040\000t\000h\000e\000\040\000Q\000u\000e\000s\000t\000i\000o\000n\000\040\000W\000a\000s\000\040\000F\000r\000a\000m\000e\000d}{section.1}% 3
\BOOKMARK [2][-]{subsection.1.2}{\376\377\000T\000-\000R\000e\000v\000e\000r\000s\000e\000d\000\040\000M\000a\000t\000t\000e\000r\000:\000\040\000T\000h\000e\000\040\000P\000r\000o\000p\000o\000s\000a\000l}{section.1}% 4
\BOOKMARK [2][-]{subsection.1.3}{\376\377\000T\000h\000e\000\040\000F\000i\000r\000s\000t\000\040\000R\000e\000a\000l\000i\000t\000y\000\040\000C\000h\000e\000c\000k\000:\000\040\000G\000E\000M\000\040\000F\000a\000i\000l\000s}{section.1}% 5
\BOOKMARK [2][-]{subsection.1.4}{\376\377\000T\000h\000e\000\040\000T\000r\000a\000n\000s\000i\000t\000i\000o\000n\000\040\000t\000o\000\040\000S\000e\000c\000l\000u\000d\000e\000d\000\040\000S\000I\000D\000M}{section.1}% 6
\BOOKMARK [2][-]{subsection.1.5}{\376\377\000W\000h\000y\000\040\000t\000h\000e\000\040\000B\000o\000r\000n\000\040\000A\000p\000p\000r\000o\000x\000i\000m\000a\000t\000i\000o\000n\000\040\000W\000i\000l\000l\000\040\000F\000a\000i\000l\000\040\000\050\000F\000o\000r\000e\000s\000h\000a\000d\000o\000w\000i\000n\000g\000\051}{section.1}% 7
\BOOKMARK [1][-]{section.2}{\376\377\000P\000a\000r\000t\000\040\000I\000I\000:\000\040\000P\000a\000t\000h\000\040\000I\000n\000t\000e\000g\000r\000a\000l\000\040\000F\000o\000u\000n\000d\000a\000t\000i\000o\000n\000s\000\040\040\024\000\040\000W\000h\000e\000n\000\040\000B\000o\000r\000n\000\040\000F\000a\000i\000l\000s}{}% 8
\BOOKMARK [2][-]{subsection.2.1}{\376\377\000T\000h\000e\000\040\000B\000e\000n\000c\000h\000m\000a\000r\000k\000\040\000E\000x\000t\000r\000a\000c\000t\000i\000o\000n\000\040\000P\000r\000o\000b\000l\000e\000m}{section.2}% 9
\BOOKMARK [2][-]{subsection.2.2}{\376\377\000T\000h\000e\000\040\000V\000a\000r\000i\000a\000b\000l\000e\000\040\000P\000h\000a\000s\000e\000\040\000M\000e\000t\000h\000o\000d\000:\000\040\000S\000e\000v\000e\000n\000\040\000L\000a\000y\000e\000r\000s\000\040\000o\000f\000\040\000D\000e\000r\000i\000v\000a\000t\000i\000o\000n}{section.2}% 10
\BOOKMARK [3][-]{subsubsection.2.2.1}{\376\377\000T\000h\000e\000\040\0007\000-\000L\000a\000y\000e\000r\000\040\000D\000e\000r\000i\000v\000a\000t\000i\000o\000n}{subsection.2.2}% 11
\BOOKMARK [2][-]{subsection.2.3}{\376\377\000T\000h\000e\000\040\000m\000a\000x\000\040\000B\000u\000g\000:\000\040\000A\000\040\000N\000e\000a\000r\000-\000C\000a\000t\000a\000s\000t\000r\000o\000p\000h\000e}{section.2}% 12
\BOOKMARK [2][-]{subsection.2.4}{\376\377\000T\000h\000e\000\040\000S\000o\000m\000m\000e\000r\000f\000e\000l\000d\000\040\000E\000n\000h\000a\000n\000c\000e\000m\000e\000n\000t\000:\000\040\000W\000h\000y\000\040\000F\000r\000e\000e\000z\000e\000-\000O\000u\000t\000\040\000i\000s\000\040\000S\000a\000f\000e}{section.2}% 13
\BOOKMARK [2][-]{subsection.2.5}{\376\377\000T\000h\000e\000\040\000C\000o\000l\000e\000m\000a\000n\000-\000W\000e\000i\000n\000b\000e\000r\000g\000\040\000M\000i\000n\000i\000m\000u\000m\000\040\000a\000t\000\040\000=\000\040\000/\0002}{section.2}% 14
\BOOKMARK [1][-]{section.3}{\376\377\000P\000a\000r\000t\000\040\000I\000I\000I\000:\000\040\000T\000h\000e\000\040\000D\000a\000r\000k\000\040\000E\000n\000e\000r\000g\000y\000\040\000C\000o\000n\000n\000e\000c\000t\000i\000o\000n}{}% 15
\BOOKMARK [2][-]{subsection.3.1}{\376\377\000H\000o\000w\000\040\000D\000a\000r\000k\000\040\000M\000a\000t\000t\000e\000r\000\040\000M\000e\000t\000\040\000D\000a\000r\000k\000\040\000E\000n\000e\000r\000g\000y}{section.3}% 16
\BOOKMARK [2][-]{subsection.3.2}{\376\377\000T\000h\000e\000\040\000F\000i\000v\000e\000\040\000C\000W\000\040\000B\000u\000g\000s}{section.3}% 17
\BOOKMARK [2][-]{subsection.3.3}{\376\377\000T\000h\000e\000\040\000T\000e\000t\000r\000a\000h\000e\000d\000r\000a\000l\000\040\000A\000n\000g\000l\000e}{section.3}% 18
\BOOKMARK [2][-]{subsection.3.4}{\376\377\000W\000h\000y\000\040\000\040\000T\000r\000a\000p\000p\000i\000n\000g\000\040\000F\000a\000i\000l\000s\000:\000\040\000T\000h\000e\000\040\0002\0001\000-\000O\000r\000d\000e\000r\000\040\000G\000a\000p}{section.3}% 19
\BOOKMARK [2][-]{subsection.3.5}{\376\377\000C\000o\000m\000p\000a\000r\000i\000s\000o\000n\000\040\000w\000i\000t\000h\000\040\000D\000E\000S\000I\000\040\000D\000R\0002}{section.3}% 20
\BOOKMARK [1][-]{section.4}{\376\377\000P\000a\000r\000t\000\040\000I\000V\000:\000\040\000T\000h\000e\000\040\000F\000u\000l\000l\000\040\000V\0001\0000\000\040\000M\000o\000d\000e\000l}{}% 21
\BOOKMARK [2][-]{subsection.4.1}{\376\377\000T\000h\000e\000\040\000H\000i\000g\000g\000s\000\040\000P\000o\000r\000t\000a\000l\000\040\000C\000r\000i\000s\000i\000s}{section.4}% 22
\BOOKMARK [2][-]{subsection.4.2}{\376\377\000T\000h\000e\000\040\000S\000e\000c\000l\000u\000d\000e\000d\000\040\000S\000o\000l\000u\000t\000i\000o\000n}{section.4}% 23
\BOOKMARK [2][-]{subsection.4.3}{\376\377\000T\000h\000e\000\040\000P\000i\000p\000e\000l\000i\000n\000e\000:\000\040\000V\0002\0002\000\040\000t\000h\000r\000o\000u\000g\000h\000\040\000V\0003\0008}{section.4}% 24
\BOOKMARK [2][-]{subsection.4.4}{\376\377\000T\000h\000e\000\040\000I\000s\000l\000a\000n\000d\000\040\000o\000f\000\040\000V\000i\000a\000b\000i\000l\000i\000t\000y}{section.4}% 25
\BOOKMARK [2][-]{subsection.4.5}{\376\377\0002\000\040\000=\000\040\0000\000.\0001\0003\000:\000\040\000T\000h\000e\000\040\000M\000o\000d\000e\000l\000\040\000W\000o\000r\000k\000s}{section.4}% 26
\BOOKMARK [2][-]{subsection.4.6}{\376\377\000T\000h\000e\000\040\000M\000C\000M\000C\000\040\000P\000o\000s\000t\000e\000r\000i\000o\000r}{section.4}% 27
\BOOKMARK [2][-]{subsection.4.7}{\376\377\000T\000h\000e\000\040\000S\000m\000o\000k\000i\000n\000g\000\040\000G\000u\000n\000:\000\040\000M\000i\000x\000e\000d\000\040\000M\000a\000j\000o\000r\000a\000n\000a\000\040\000a\000n\000d\000\040\000C\000P\000\040\000V\000i\000o\000l\000a\000t\000i\000o\000n}{section.4}% 28
\BOOKMARK [3][-]{subsubsection.4.7.1}{\376\377\000T\000h\000e\000\040\000F\000A\000T\000A\000L\000\040\000f\000r\000o\000m\000\040\000P\000e\000e\000r\000\040\000R\000e\000v\000i\000e\000w}{subsection.4.7}% 29
\BOOKMARK [3][-]{subsubsection.4.7.2}{\376\377\000T\000h\000e\000\040\000M\000i\000x\000e\000d\000\040\000C\000o\000u\000p\000l\000i\000n\000g\000\040\000S\000o\000l\000u\000t\000i\000o\000n}{subsection.4.7}% 30
\BOOKMARK [3][-]{subsubsection.4.7.3}{\376\377\000T\000h\000e\000\040\000C\000P\000-\000S\000e\000p\000a\000r\000a\000t\000i\000o\000n\000\040\000B\000a\000n\000d\000:\000\040\0001\000.\0002\000\040\000D\000e\000c\000a\000d\000e\000s\000\040\000W\000i\000d\000e}{subsection.4.7}% 31
\BOOKMARK [2][-]{subsection.4.8}{\376\377\000T\000h\000e\000\040\000M\000a\000j\000o\000r\000a\000n\000a\000\040\000v\000s\000.\000\040\000D\000i\000r\000a\000c\000\040\000F\000i\000n\000g\000e\000r\000p\000r\000i\000n\000t}{section.4}% 32
\BOOKMARK [2][-]{subsection.4.9}{\376\377\000F\000o\000r\000n\000a\000x\000\040\000G\000l\000o\000b\000u\000l\000a\000r\000\040\000C\000l\000u\000s\000t\000e\000r\000s\000\040\000a\000n\000d\000\040\000t\000h\000e\000\040\0005\0002\000\045\000\040\000E\000x\000c\000l\000u\000s\000i\000o\000n}{section.4}% 33
\BOOKMARK [2][-]{subsection.4.10}{\376\377\000V\000a\000c\000u\000u\000m\000\040\000S\000t\000a\000b\000i\000l\000i\000t\000y\000:\000\040\000T\000h\000e\000\040\000C\000o\000r\000r\000e\000c\000t\000e\000d\000\040\000B\000o\000u\000n\000d}{section.4}% 34
\BOOKMARK [2][-]{subsection.4.11}{\376\377\000D\000a\000r\000k\000\040\000Q\000C\000D\000\040\000a\000n\000d\000\040\000H\0000}{section.4}% 35
\BOOKMARK [1][-]{section.5}{\376\377\000P\000a\000r\000t\000\040\000V\000:\000\040\000U\000n\000i\000f\000i\000c\000a\000t\000i\000o\000n\000\040\000a\000n\000d\000\040\000O\000p\000e\000n\000\040\000Q\000u\000e\000s\000t\000i\000o\000n\000s}{}% 36
\BOOKMARK [2][-]{subsection.5.1}{\376\377\000T\000h\000e\000\040\000S\000i\000n\000g\000l\000e\000\040\000L\000a\000g\000r\000a\000n\000g\000i\000a\000n}{section.5}% 37
\BOOKMARK [2][-]{subsection.5.2}{\376\377\000W\000h\000a\000t\000\040\000t\000h\000e\000\040\000T\000h\000r\000e\000e\000\040\000C\000h\000a\000p\000t\000e\000r\000s\000\040\000o\000f\000\040\000t\000h\000e\000\040\000P\000a\000p\000e\000r\000\040\000C\000o\000v\000e\000r}{section.5}% 38
\BOOKMARK [2][-]{subsection.5.3}{\376\377\000O\000p\000e\000n\000\040\000Q\000u\000e\000s\000t\000i\000o\000n\000s}{section.5}% 39
\BOOKMARK [2][-]{subsection.5.4}{\376\377\000W\000h\000a\000t\000\040\000W\000e\000\040\000L\000e\000a\000r\000n\000e\000d\000\040\000A\000b\000o\000u\000t\000\040\000R\000e\000s\000e\000a\000r\000c\000h\000\040\000M\000e\000t\000h\000o\000d\000o\000l\000o\000g\000y}{section.5}% 40
\BOOKMARK [1][-]{Item.31}{\376\377\000E\000p\000i\000l\000o\000g\000u\000e}{}% 41
\BOOKMARK [1][-]{appendix.A}{\376\377\000Q\000u\000i\000c\000k\000\040\000R\000e\000f\000e\000r\000e\000n\000c\000e\000:\000\040\000K\000e\000y\000\040\000N\000u\000m\000b\000e\000r\000s}{}% 42
\BOOKMARK [1][-]{appendix.B}{\376\377\000C\000h\000r\000o\000n\000i\000c\000l\000e\000\040\000o\000f\000\040\000F\000a\000i\000l\000u\000r\000e\000s}{}% 43
