\BOOKMARK [1][-]{section*.3}{\376\377\000R\000o\000a\000d\000\040\000M\000a\000p}{}% 1
\BOOKMARK [0][-]{part.6}{\376\377\000I\000\040\000S\000e\000c\000l\000u\000d\000e\000d\000\040\000M\000a\000j\000o\000r\000a\000n\000a\000\040\000S\000I\000D\000M\000:\000\040\000P\000h\000e\000n\000o\000m\000e\000n\000o\000l\000o\000g\000y}{}% 2
\BOOKMARK [1][-]{section.7}{\376\377\000I\000n\000t\000r\000o\000d\000u\000c\000t\000i\000o\000n\000:\000\040\000T\000h\000e\000\040\000P\000r\000o\000b\000l\000e\000m\000\040\000w\000i\000t\000h\000\040\000S\000m\000a\000l\000l\000\040\000G\000a\000l\000a\000x\000i\000e\000s}{part.6}% 3
\BOOKMARK [1][-]{section.8}{\376\377\000T\000h\000e\000\040\000M\000o\000d\000e\000l\000:\000\040\000O\000n\000e\000\040\000C\000o\000u\000p\000l\000i\000n\000g\000,\000\040\000T\000h\000r\000e\000e\000\040\000P\000a\000r\000a\000m\000e\000t\000e\000r\000s}{part.6}% 4
\BOOKMARK [2][-]{subsection.11}{\376\377\000S\000c\000a\000l\000a\000r\000\040\000P\000o\000t\000e\000n\000t\000i\000a\000l\000\040\000a\000n\000d\000\040\000V\000a\000c\000u\000u\000m\000\040\000S\000t\000a\000b\000i\000l\000i\000t\000y}{section.8}% 5
\BOOKMARK [1][-]{section.14}{\376\377\000S\000e\000l\000f\000-\000I\000n\000t\000e\000r\000a\000c\000t\000i\000o\000n\000\040\000C\000r\000o\000s\000s\000\040\000S\000e\000c\000t\000i\000o\000n\000:\000\040\000W\000h\000y\000\040\000a\000\040\000S\000i\000m\000p\000l\000e\000\040\000O\000D\000E\000\040\000i\000s\000\040\000E\000x\000a\000c\000t}{part.6}% 6
\BOOKMARK [1][-]{section.17}{\376\377\000R\000e\000l\000i\000c\000\040\000D\000e\000n\000s\000i\000t\000y\000:\000\040\000T\000h\000e\000\040\000S\000a\000m\000e\000\040\000C\000o\000u\000p\000l\000i\000n\000g\000\040\000D\000o\000e\000s\000\040\000B\000o\000t\000h\000\040\000J\000o\000b\000s}{part.6}% 7
\BOOKMARK [1][-]{section.19}{\376\377\000N\000u\000m\000e\000r\000i\000c\000a\000l\000\040\000P\000i\000p\000e\000l\000i\000n\000e\000\040\000a\000n\000d\000\040\000V\000a\000l\000i\000d\000a\000t\000i\000o\000n}{part.6}% 8
\BOOKMARK [2][-]{subsection.20}{\376\377\000V\000P\000M\000\040\000S\000o\000l\000v\000e\000r\000\040\000I\000m\000p\000l\000e\000m\000e\000n\000t\000a\000t\000i\000o\000n}{section.19}% 9
\BOOKMARK [2][-]{subsection.22}{\376\377\000C\000r\000o\000s\000s\000-\000C\000h\000e\000c\000k\000\040\000S\000u\000i\000t\000e}{section.19}% 10
\BOOKMARK [2][-]{subsection.29}{\376\377\000B\000o\000r\000n\000\040\000A\000p\000p\000r\000o\000x\000i\000m\000a\000t\000i\000o\000n\000\040\000F\000a\000i\000l\000u\000r\000e}{section.19}% 11
\BOOKMARK [2][-]{subsection.34}{\376\377\000B\000o\000l\000t\000z\000m\000a\000n\000n\000\040\000S\000o\000l\000v\000e\000r\000\040\000A\000c\000c\000u\000r\000a\000c\000y}{section.19}% 12
\BOOKMARK [1][-]{section.35}{\376\377\000M\000C\000M\000C\000\040\000A\000n\000a\000l\000y\000s\000i\000s\000\040\000a\000n\000d\000\040\000P\000a\000r\000a\000m\000e\000t\000e\000r\000\040\000P\000o\000s\000t\000e\000r\000i\000o\000r\000s}{part.6}% 13
\BOOKMARK [2][-]{subsection.36}{\376\377\000S\000e\000t\000u\000p}{section.35}% 14
\BOOKMARK [2][-]{subsection.37}{\376\377\000C\000o\000n\000v\000e\000r\000g\000e\000n\000c\000e\000\040\000D\000i\000a\000g\000n\000o\000s\000t\000i\000c\000s}{section.35}% 15
\BOOKMARK [2][-]{subsection.44}{\376\377\000P\000o\000s\000t\000e\000r\000i\000o\000r\000s}{section.35}% 16
\BOOKMARK [1][-]{section.55}{\376\377\000C\000o\000n\000f\000r\000o\000n\000t\000i\000n\000g\000\040\000t\000h\000e\000\040\000U\000n\000i\000v\000e\000r\000s\000e\000:\000\040\000D\000e\000t\000a\000i\000l\000e\000d\000\040\000R\000e\000s\000u\000l\000t\000s}{part.6}% 17
\BOOKMARK [2][-]{subsection.58}{\376\377\000C\000h\000i\000-\000s\000q\000u\000a\000r\000e\000d\000\040\000G\000o\000o\000d\000n\000e\000s\000s\000\040\000o\000f\000\040\000F\000i\000t}{section.55}% 18
\BOOKMARK [2][-]{subsection.66}{\376\377\000V\000e\000l\000o\000c\000i\000t\000y\000-\000D\000e\000p\000e\000n\000d\000e\000n\000t\000\040\000C\000r\000o\000s\000s\000\040\000S\000e\000c\000t\000i\000o\000n\000s}{section.55}% 19
\BOOKMARK [2][-]{subsection.71}{\376\377\000F\000o\000r\000n\000a\000x\000\040\000G\000l\000o\000b\000u\000l\000a\000r\000\040\000C\000l\000u\000s\000t\000e\000r\000\040\000S\000u\000r\000v\000i\000v\000a\000l}{section.55}% 20
\BOOKMARK [2][-]{subsection.72}{\376\377\000R\000a\000d\000i\000a\000l\000\040\000A\000c\000c\000e\000l\000e\000r\000a\000t\000i\000o\000n\000\040\000R\000e\000l\000a\000t\000i\000o\000n}{section.55}% 21
\BOOKMARK [2][-]{subsection.73}{\376\377\000S\000e\000c\000l\000u\000d\000e\000d\000\040\000S\000e\000c\000t\000o\000r\000:\000\040\000D\000i\000r\000e\000c\000t\000\040\000D\000e\000t\000e\000c\000t\000i\000o\000n\000\040\000a\000n\000d\000\040\000C\000o\000s\000m\000o\000l\000o\000g\000i\000c\000a\000l\000\040\000S\000a\000f\000e\000t\000y}{section.55}% 22
\BOOKMARK [2][-]{subsection.74}{\376\377\000S\000o\000m\000m\000e\000r\000f\000e\000l\000d\000\040\000E\000n\000h\000a\000n\000c\000e\000m\000e\000n\000t\000\040\000a\000t\000\040\000F\000r\000e\000e\000z\000e\000-\000o\000u\000t}{section.55}% 23
\BOOKMARK [2][-]{subsection.77}{\376\377\000F\000a\000l\000s\000i\000f\000i\000a\000b\000l\000e\000\040\000P\000r\000e\000d\000i\000c\000t\000i\000o\000n\000s}{section.55}% 24
\BOOKMARK [0][-]{part.84}{\376\377\000I\000I\000\040\000P\000a\000t\000h\000-\000I\000n\000t\000e\000g\000r\000a\000l\000\040\000F\000o\000u\000n\000d\000a\000t\000i\000o\000n\000s\000:\000\040\000F\000r\000o\000m\000\040\000L\000\040\000t\000o\000\040\000H\0000}{}% 25
\BOOKMARK [1][-]{section.85}{\376\377\000T\000h\000e\000\040\000C\000e\000n\000t\000r\000a\000l\000\040\000Q\000u\000e\000s\000t\000i\000o\000n}{part.84}% 26
\BOOKMARK [1][-]{section.88}{\376\377\000L\000a\000y\000e\000r\000\040\0001\000:\000\040\000W\000h\000a\000t\000\040\000C\000a\000r\000r\000i\000e\000s\000\040\000t\000h\000e\000\040\000F\000o\000r\000c\000e\000?}{part.84}% 27
\BOOKMARK [1][-]{section.92}{\376\377\000L\000a\000y\000e\000r\000\040\0002\000:\000\040\000T\000r\000e\000e\000-\000L\000e\000v\000e\000l\000\040\000Y\000u\000k\000a\000w\000a\000\040\000P\000o\000t\000e\000n\000t\000i\000a\000l}{part.84}% 28
\BOOKMARK [1][-]{section.94}{\376\377\000L\000a\000y\000e\000r\000\040\0003\000:\000\040\000V\000P\000M\000\040\000i\000s\000\040\000t\000h\000e\000\040\000E\000x\000a\000c\000t\000\040\000P\000a\000t\000h\000\040\000I\000n\000t\000e\000g\000r\000a\000l}{part.84}% 29
\BOOKMARK [2][-]{subsection.95}{\376\377\000S\000e\000t\000u\000p\000:\000\040\000t\000h\000e\000\040\000s\000c\000a\000t\000t\000e\000r\000i\000n\000g\000\040\000p\000a\000t\000h\000\040\000i\000n\000t\000e\000g\000r\000a\000l}{section.94}% 30
\BOOKMARK [2][-]{subsection.98}{\376\377\000E\000v\000a\000l\000u\000a\000t\000i\000n\000g\000\040\000t\000h\000e\000\040\000d\000e\000t\000e\000r\000m\000i\000n\000a\000n\000t}{section.94}% 31
\BOOKMARK [2][-]{subsection.102}{\376\377\000F\000r\000o\000m\000\040\000d\000e\000t\000e\000r\000m\000i\000n\000a\000n\000t\000\040\000t\000o\000\040\000c\000r\000o\000s\000s\000\040\000s\000e\000c\000t\000i\000o\000n}{section.94}% 32
\BOOKMARK [2][-]{subsection.104}{\376\377\000W\000h\000y\000\040\000t\000h\000i\000s\000\040\000i\000s\000\040\000e\000x\000a\000c\000t}{section.94}% 33
\BOOKMARK [1][-]{section.108}{\376\377\000L\000a\000y\000e\000r\000\040\0004\000:\000\040\000D\000o\000e\000s\000\040\000t\000h\000e\000\040\000V\000a\000c\000u\000u\000m\000\040\000P\000r\000e\000f\000e\000r\000\040\000C\000P\000\040\000V\000i\000o\000l\000a\000t\000i\000o\000n\000?}{part.84}% 34
\BOOKMARK [1][-]{section.112}{\376\377\000L\000a\000y\000e\000r\000\040\0005\000:\000\040\000I\000s\000\040\000t\000h\000e\000\040\000V\000a\000c\000u\000u\000m\000\040\000S\000t\000a\000b\000l\000e\000\040\000a\000t\000\040\000F\000r\000e\000e\000z\000e\000-\000o\000u\000t\000?}{part.84}% 35
\BOOKMARK [1][-]{section.114}{\376\377\000L\000a\000y\000e\000r\000\040\0006\000:\000\040\000C\000a\000n\000\040\000t\000h\000e\000\040\000V\000a\000c\000u\000u\000m\000\040\000T\000u\000n\000n\000e\000l\000\040\000A\000w\000a\000y\000?}{part.84}% 36
\BOOKMARK [1][-]{section.116}{\376\377\000L\000a\000y\000e\000r\000\040\0007\000:\000\040\000R\000e\000l\000i\000c\000\040\000D\000e\000n\000s\000i\000t\000y\000\040\000a\000s\000\040\000a\000\040\000P\000a\000t\000h\000-\000I\000n\000t\000e\000g\000r\000a\000l\000\040\000O\000u\000t\000p\000u\000t}{part.84}% 37
\BOOKMARK [1][-]{section.118}{\376\377\000T\000h\000e\000\040\000H\000u\000b\000b\000l\000e\000\040\000C\000o\000n\000s\000t\000a\000n\000t\000\040\000f\000r\000o\000m\000\040\000D\000a\000r\000k\000\040\000Q\000C\000D}{part.84}% 38
\BOOKMARK [0][-]{part.123}{\376\377\000I\000I\000I\000\040\000D\000a\000r\000k\000\040\000E\000l\000e\000c\000t\000r\000o\000m\000a\000g\000n\000e\000t\000i\000c\000\040\000D\000u\000a\000l\000i\000t\000y\000:\000\040\000D\000a\000r\000k\000\040\000E\000n\000e\000r\000g\000y\000\040\000a\000s\000\040\000T\000-\000B\000r\000e\000a\000k\000i\000n\000g}{}% 39
\BOOKMARK [1][-]{section.124}{\376\377\000T\000h\000e\000\040\000C\000e\000n\000t\000r\000a\000l\000\040\000A\000n\000a\000l\000o\000g\000y}{part.123}% 40
\BOOKMARK [2][-]{subsection.127}{\376\377\000T\000h\000e\000\040\000M\000a\000t\000h\000e\000m\000a\000t\000i\000c\000a\000l\000\040\000S\000t\000r\000u\000c\000t\000u\000r\000e}{section.124}% 41
\BOOKMARK [2][-]{subsection.129}{\376\377\000T\000h\000e\000\040\000I\000m\000a\000g\000i\000n\000a\000r\000y\000\040\000A\000x\000i\000s\000\040\000a\000s\000\040\000a\000n\000\040\000I\000n\000t\000e\000r\000n\000a\000l\000\040\000F\000i\000f\000t\000h\000\040\000D\000i\000m\000e\000n\000s\000i\000o\000n}{section.124}% 42
\BOOKMARK [1][-]{section.132}{\376\377\000T\000h\000e\000\040\000E\000x\000t\000e\000n\000d\000e\000d\000\040\000L\000a\000g\000r\000a\000n\000g\000i\000a\000n}{part.123}% 43
\BOOKMARK [1][-]{section.135}{\376\377\000T\000h\000e\000\040\000U\000n\000i\000v\000e\000r\000s\000a\000l\000\040\000R\000e\000l\000i\000c\000\040\000A\000n\000g\000l\000e}{part.123}% 44
\BOOKMARK [2][-]{subsection.140}{\376\377\000G\000e\000o\000m\000e\000t\000r\000i\000c\000\040\000I\000n\000t\000e\000r\000p\000r\000e\000t\000a\000t\000i\000o\000n}{section.135}% 45
\BOOKMARK [1][-]{section.141}{\376\377\000S\000c\000a\000l\000e\000\040\000o\000f\000\040\000t\000h\000e\000\040\000D\000a\000r\000k\000\040\000E\000n\000e\000r\000g\000y\000\040\000P\000o\000t\000e\000n\000t\000i\000a\000l}{part.123}% 46
\BOOKMARK [1][-]{section.145}{\376\377\000F\000i\000f\000t\000h\000\040\000F\000o\000r\000c\000e\000\040\000a\000n\000d\000\040\000S\000c\000r\000e\000e\000n\000i\000n\000g}{part.123}% 47
\BOOKMARK [1][-]{section.147}{\376\377\000O\000b\000s\000e\000r\000v\000a\000t\000i\000o\000n\000a\000l\000\040\000S\000i\000g\000n\000a\000t\000u\000r\000e\000s}{part.123}% 48
\BOOKMARK [2][-]{subsection.148}{\376\377\000D\000a\000r\000k\000\040\000E\000n\000e\000r\000g\000y\000\040\000E\000q\000u\000a\000t\000i\000o\000n\000\040\000o\000f\000\040\000S\000t\000a\000t\000e}{section.147}% 49
\BOOKMARK [2][-]{subsection.152}{\376\377\000A\000d\000d\000i\000t\000i\000o\000n\000a\000l\000\040\000S\000i\000g\000n\000a\000t\000u\000r\000e\000s}{section.147}% 50
\BOOKMARK [1][-]{section.157}{\376\377\000N\000u\000m\000e\000r\000i\000c\000a\000l\000\040\000B\000a\000c\000k\000g\000r\000o\000u\000n\000d\000\040\000C\000o\000s\000m\000o\000l\000o\000g\000y}{part.123}% 51
\BOOKMARK [2][-]{subsection.158}{\376\377\000F\000r\000i\000e\000d\000m\000a\000n\000n\000\040\000+\000\040\000K\000l\000e\000i\000n\000-\000G\000o\000r\000d\000o\000n\000\040\000S\000o\000l\000v\000e\000r}{section.157}% 52
\BOOKMARK [2][-]{subsection.163}{\376\377\000B\000e\000s\000t\000-\000F\000i\000t\000\040\000C\000o\000s\000m\000o\000l\000o\000g\000i\000c\000a\000l\000\040\000P\000a\000r\000a\000m\000e\000t\000e\000r\000s}{section.157}% 53
\BOOKMARK [2][-]{subsection.165}{\376\377\000C\000o\000n\000f\000r\000o\000n\000t\000a\000t\000i\000o\000n\000\040\000w\000i\000t\000h\000\040\000P\000a\000n\000t\000h\000e\000o\000n\000+\000\040\000T\000y\000p\000e\000\040\000I\000a\000\040\000S\000u\000p\000e\000r\000n\000o\000v\000a\000e}{section.157}% 54
\BOOKMARK [2][-]{subsection.167}{\376\377\000C\000o\000n\000f\000r\000o\000n\000t\000a\000t\000i\000o\000n\000\040\000w\000i\000t\000h\000\040\000B\000A\000O\000\040\000D\000a\000t\000a}{section.157}% 55
\BOOKMARK [2][-]{subsection.173}{\376\377\000M\000e\000d\000i\000a\000t\000o\000r\000\040\000O\000v\000e\000r\000c\000l\000o\000s\000u\000r\000e\000\040\000R\000e\000s\000o\000l\000u\000t\000i\000o\000n}{section.157}% 56
\BOOKMARK [2][-]{subsection.175}{\376\377\000V\000e\000f\000f\000\040\000M\000i\000n\000i\000m\000u\000m\000\040\000a\000t\000\040\000t\000h\000e\000\040\000A\0004\000\040\000R\000e\000l\000i\000c\000\040\000A\000n\000g\000l\000e}{section.157}% 57
\BOOKMARK [1][-]{section.176}{\376\377\000S\000u\000m\000m\000a\000r\000y\000:\000\040\000F\000r\000o\000m\000\040\000S\000I\000D\000M\000\040\000t\000o\000\040\000D\000a\000r\000k\000\040\000E\000n\000e\000r\000g\000y\000\040\000i\000n\000\040\000O\000n\000e\000\040\000L\000a\000g\000r\000a\000n\000g\000i\000a\000n}{part.123}% 58
\BOOKMARK [2][-]{subsection.177}{\376\377\000W\000h\000a\000t\000\040\000t\000h\000e\000\040\000F\000a\000c\000t\000o\000r\000\040\000i\000\040\000B\000u\000y\000s\000\040\000U\000s}{section.176}% 59
\BOOKMARK [2][-]{subsection.178}{\376\377\000S\000u\000m\000m\000a\000r\000y\000\040\000o\000f\000\040\000P\000r\000e\000d\000i\000c\000t\000i\000o\000n\000s}{section.176}% 60
\BOOKMARK [0][-]{part*.182}{\376\377\000D\000i\000s\000c\000u\000s\000s\000i\000o\000n}{}% 61
\BOOKMARK [1][-]{appendix.183}{\376\377\000C\000o\000m\000p\000a\000r\000i\000s\000o\000n\000\040\000w\000i\000t\000h\000\040\000A\000l\000t\000e\000r\000n\000a\000t\000i\000v\000e\000\040\000D\000a\000r\000k\000\040\000M\000a\000t\000t\000e\000r\000\040\000M\000o\000d\000e\000l\000s}{part*.182}% 62
\BOOKMARK [1][-]{appendix.186}{\376\377\000T\000h\000e\000\040\000A\0004\000\040\000S\000y\000m\000m\000e\000t\000r\000y\000\040\000a\000n\000d\000\040\000t\000h\000e\000\040\000N\000e\000u\000t\000r\000i\000n\000o\000\040\000Q\000u\000e\000s\000t\000i\000o\000n}{part*.182}% 63
\BOOKMARK [1][-]{appendix.187}{\376\377\000R\000e\000l\000a\000t\000i\000o\000n\000\040\000t\000o\000\040\000D\000a\000r\000k\000\040\000Q\000C\000D\000\040\000a\000n\000d\000\040\000C\000o\000n\000f\000i\000n\000e\000m\000e\000n\000t}{part*.182}% 64
\BOOKMARK [1][-]{appendix.188}{\376\377\000G\000e\000o\000m\000e\000t\000r\000i\000c\000\040\000I\000n\000t\000e\000r\000p\000r\000e\000t\000a\000t\000i\000o\000n\000:\000\040\000C\000o\000m\000p\000a\000c\000t\000\040\000E\000x\000t\000r\000a\000\040\000D\000i\000m\000e\000n\000s\000i\000o\000n}{part*.182}% 65
\BOOKMARK [1][-]{appendix.192}{\376\377\000L\000i\000m\000i\000t\000a\000t\000i\000o\000n\000s\000\040\000a\000n\000d\000\040\000O\000p\000e\000n\000\040\000P\000r\000o\000b\000l\000e\000m\000s}{part*.182}% 66
\BOOKMARK [1][-]{appendix.199}{\376\377\000C\000o\000n\000c\000l\000u\000s\000i\000o\000n\000s}{part*.182}% 67
\BOOKMARK [1][-]{appendix.203}{\376\377\000V\000P\000M\000\040\000a\000s\000\040\000F\000l\000u\000c\000t\000u\000a\000t\000i\000o\000n\000\040\000D\000e\000t\000e\000r\000m\000i\000n\000a\000n\000t\000:\000\040\000P\000r\000o\000o\000f}{part*.182}% 68
\BOOKMARK [1][-]{appendix.205}{\376\377\000U\000n\000i\000v\000e\000r\000s\000a\000l\000\040\000R\000e\000l\000i\000c\000\040\000A\000n\000g\000l\000e\000:\000\040\000D\000e\000r\000i\000v\000a\000t\000i\000o\000n\000\040\000f\000r\000o\000m\000\040\000A\0004}{part*.182}% 69
\BOOKMARK [1][-]{appendix.207}{\376\377\000I\000n\000s\000t\000a\000n\000t\000o\000n\000\040\000S\000u\000p\000p\000r\000e\000s\000s\000i\000o\000n\000\040\000o\000f\000\040\000t\000h\000e\000t\000a\000-\000A\0004}{part*.182}% 70
\BOOKMARK [1][-]{appendix.209}{\376\377\000F\000u\000l\000l\000\040\000B\000e\000n\000c\000h\000m\000a\000r\000k\000\040\000T\000a\000b\000l\000e}{part*.182}% 71
\BOOKMARK [1][-]{appendix.212}{\376\377\000M\000a\000x\000w\000e\000l\000l\000-\000B\000o\000l\000t\000z\000m\000a\000n\000n\000\040\000V\000e\000l\000o\000c\000i\000t\000y\000\040\000A\000v\000e\000r\000a\000g\000i\000n\000g}{part*.182}% 72
\BOOKMARK [1][-]{appendix.215}{\376\377\000S\000o\000m\000m\000e\000r\000f\000e\000l\000d\000\040\000E\000n\000h\000a\000n\000c\000e\000m\000e\000n\000t\000\040\000D\000e\000t\000a\000i\000l\000s}{part*.182}% 73
\BOOKMARK [1][-]{appendix.217}{\376\377\000N\000u\000m\000e\000r\000i\000c\000a\000l\000\040\000E\000r\000r\000o\000r\000\040\000B\000u\000d\000g\000e\000t}{part*.182}% 74
\BOOKMARK [1][-]{appendix.220}{\376\377\000C\000a\000n\000n\000i\000b\000a\000l\000\040\000M\000e\000c\000h\000a\000n\000i\000s\000m\000:\000\040\000M\000e\000d\000i\000a\000t\000o\000r\000\040\000D\000e\000p\000l\000e\000t\000i\000o\000n}{part*.182}% 75
